{
  "root_id": "iclr2024-generalizable-and",
  "depth": 2,
  "nodes": [
    {
      "id": "adapter-iclr2024-generalizable-and-v2",
      "paper_id": "iclr2024-generalizable",
      "result_id": "iclr2024-generalizable-and",
      "proposition_ids": [
        "prop-set-function-reconstruction"
      ],
      "proof_ids": [
        "proof-finite-mobius-reconstruction-v2"
      ],
      "source_occurrence_ids": [
        "occ-iclr2024-generalizable-and-component"
      ],
      "source_path": "research/reader-v2-20260930/math/lean/ReaderAdapters.lean",
      "lean_declarations": [
        "ReaderV2.generalizable_and_subresult"
      ],
      "definition_map": "g(S)=vAnd(mask(S)); uncentered Iand(empty)=vAnd(mask(empty))",
      "alignment_status": "agent_checked_selected_statement",
      "user_review_status": "pending",
      "verification_report_ids": [
        "verification-iclr2024-generalizable-and-v2"
      ],
      "scope": "ICLR 2024 Generalizable Appendix C(1) fixed-x AND sub-conclusion only",
      "concrete_mask_implementation_verified": false,
      "visibility": "public"
    },
    {
      "id": "iclr2024-generalizable-and",
      "paper_id": "iclr2024-generalizable",
      "title": "Appendix C(1) AND 精确重构子结论",
      "kind": "theorem_component",
      "proposition_ids": [
        "prop-set-function-reconstruction"
      ],
      "proof_ids": [
        "proof-finite-mobius-reconstruction-v2"
      ],
      "adapter_ids": [
        "adapter-iclr2024-generalizable-and-v2"
      ],
      "occurrence_ids": [
        "occ-iclr2024-generalizable-and-component"
      ],
      "issue_ids": [],
      "alignment_note_ids": [],
      "verification_report_ids": [
        "verification-iclr2024-generalizable-and-v2"
      ],
      "scope": "ICLR 2024 Generalizable Appendix C(1) fixed-x AND sub-conclusion only",
      "completion_scope": "selected_subresult",
      "alignment_status": "agent_checked_selected_statement",
      "rewrite_status": "complete",
      "user_review_status": "pending",
      "visibility": "public"
    },
    {
      "id": "iclr2024-generalizable-andor",
      "paper_id": "iclr2024-generalizable",
      "title": "Theorem 2 AND/OR 联合匹配（待对齐）",
      "kind": "theorem",
      "proposition_ids": [],
      "proof_ids": [],
      "adapter_ids": [],
      "occurrence_ids": [
        "occ-iclr2024-generalizable-theorem2-main",
        "occ-iclr2024-generalizable-theorem2-appendix"
      ],
      "issue_ids": [
        "issue-f11-or-intermediate-20260930"
      ],
      "alignment_note_ids": [
        "issue-f11-mask-notation-20260930"
      ],
      "verification_report_ids": [],
      "scope": "full original Theorem 2; original notation/proof preserved",
      "completion_scope": "full_original_theorem",
      "alignment_status": "pending_alignment",
      "rewrite_status": "not_started",
      "user_review_status": "pending",
      "visibility": "public"
    },
    {
      "id": "issue-f11-mask-notation-20260930",
      "path": "research/reader-v2-20260930/math/issues.json",
      "paper_id": "iclr2024-generalizable",
      "result_ids": [
        "iclr2024-generalizable-andor"
      ],
      "source_occurrence_ids": [
        "occ-iclr2024-generalizable-theorem2-main",
        "occ-iclr2024-generalizable-theorem2-appendix"
      ],
      "classification": "notation_alignment_note",
      "is_mathematical_error": false,
      "summary": "full Theorem 2 x_T and fixed-x convention require semantic alignment",
      "status": "pending_alignment",
      "user_review_status": "pending",
      "fix_authorization": "not_requested",
      "visibility": "public"
    },
    {
      "id": "issue-f11-or-intermediate-20260930",
      "path": "research/reader-v2-20260930/math/issues.json",
      "paper_id": "iclr2024-generalizable",
      "result_ids": [
        "iclr2024-generalizable-andor"
      ],
      "source_occurrence_ids": [
        "occ-iclr2024-generalizable-theorem2-appendix"
      ],
      "classification": "source_proof_step_issue",
      "summary": "Appendix C(2) cases (3)--(4): intermediate binomial cancellation needs review",
      "status": "awaiting_user_confirmation",
      "user_confirmation": "pending",
      "fix_authorization": "pending",
      "visibility": "public"
    },
    {
      "id": "occ-iclr2024-generalizable-and-component",
      "paper_id": "iclr2024-generalizable",
      "source_id": "src-iclr2024-generalizable-main",
      "version_id": "ver-iclr2024-generalizable-formal",
      "pdf_pages": [
        12,
        13
      ],
      "original_label": "Appendix C(1), fixed-x AND clause",
      "role": "proof_component",
      "excerpt_id": "excerpt-iclr2024-generalizable-and-component",
      "source_review_status": "agent_checked_against_pinned_pdf",
      "user_review_status": "pending",
      "visibility": "public"
    },
    {
      "id": "occ-iclr2024-generalizable-theorem2-appendix",
      "paper_id": "iclr2024-generalizable",
      "source_id": "src-iclr2024-generalizable-main",
      "version_id": "ver-iclr2024-generalizable-formal",
      "pdf_pages": [
        12,
        13,
        14
      ],
      "original_label": "Appendix C, Eqs(7)--(9)",
      "role": "restatement_with_proof",
      "excerpt_id": "excerpt-iclr2024-generalizable-theorem2",
      "source_review_status": "agent_checked_against_pinned_pdf",
      "user_review_status": "pending",
      "visibility": "public"
    },
    {
      "id": "occ-iclr2024-generalizable-theorem2-main",
      "paper_id": "iclr2024-generalizable",
      "source_id": "src-iclr2024-generalizable-main",
      "version_id": "ver-iclr2024-generalizable-formal",
      "pdf_pages": [
        2,
        3
      ],
      "original_label": "Eqs(1)--(3), Theorem 2",
      "role": "main_statement",
      "excerpt_id": "excerpt-iclr2024-generalizable-theorem2",
      "source_review_status": "agent_checked_against_pinned_pdf",
      "user_review_status": "pending",
      "visibility": "public"
    },
    {
      "id": "proof-finite-mobius-reconstruction-v2",
      "proposition_ids": [
        "prop-set-function-reconstruction"
      ],
      "content_path": "research/reader-v2-20260930/data/math-content.json",
      "dependency_ids": [],
      "verification_report_ids": [
        "verification-library-reconstruction-v2"
      ],
      "lean_declarations": [
        "Harsanyi.reconstruction",
        "Harsanyi.interaction_insert"
      ],
      "origin": "project_new_readable_proof",
      "visibility": "public"
    },
    {
      "id": "prop-set-function-reconstruction",
      "title": "有限集合函数的 Möbius 重构",
      "statement_tex": "I_g(S)=\\sum_{T\\subseteq S}(-1)^{|S|-|T|}g(T),\\qquad\\sum_{T\\subseteq S}I_g(T)=g(S)",
      "assumptions": [
        "finite input subsets",
        "real-valued set function g; no g(empty)=0 assumption"
      ],
      "proof_ids": [
        "proof-finite-mobius-reconstruction-v2"
      ],
      "origin": "project_general_theorem",
      "visibility": "public"
    },
    {
      "id": "src-iclr2024-generalizable-main",
      "label": "正式主文（含附录）",
      "kind": "main",
      "local_path": "research/paper-survey-20260930/recent/pdf/iclr2024-generalizable.pdf",
      "url": "https://proceedings.iclr.cc/paper_files/paper/2024/file/67a9b444cbcd647572c88194619f72d5-Paper-Conference.pdf",
      "sha256": "9690fc5c8043ca7f7a583297833588696276efc8324da4ed0dcaa5685c4390ed",
      "total_pages": 23,
      "version_id": "ver-iclr2024-generalizable-formal",
      "publication_status": "published",
      "visibility": "public",
      "page_refs": [
        2,
        3,
        12,
        13,
        14
      ],
      "paper_id": "iclr2024-generalizable",
      "provenance_type": "official_venue_pdf"
    },
    {
      "id": "verification-iclr2024-generalizable-and-v2",
      "path": "research/reader-v2-20260930/math/verification/report.json",
      "build_id": "reader-v2-public-20260930",
      "scope": "paper_adapter",
      "scope_description": "ICLR 2024 Generalizable Appendix C(1) fixed-x AND sub-conclusion only",
      "subject_ids": [
        "iclr2024-generalizable-and",
        "adapter-iclr2024-generalizable-and-v2"
      ],
      "expected_declarations": [
        "ReaderV2.generalizable_and_subresult"
      ],
      "visibility": "public"
    },
    {
      "id": "verification-library-reconstruction-v2",
      "path": "research/reader-v2-20260930/math/verification/report.json",
      "build_id": "reader-v2-public-20260930",
      "scope": "general_library",
      "scope_description": "public library declaration only; no paper semantics claim",
      "subject_ids": [
        "proof-finite-mobius-reconstruction-v2"
      ],
      "expected_declarations": [
        "Harsanyi.reconstruction",
        "Harsanyi.interaction_insert"
      ],
      "visibility": "public"
    }
  ],
  "edges": [
    {
      "id": "edge-026",
      "from_id": "iclr2024-generalizable-and",
      "to_id": "occ-iclr2024-generalizable-and-component",
      "type": "appears_in",
      "review_status": "agent_checked_selected_statement",
      "evidence": "ICLR 2024 Generalizable Appendix C(1) fixed-x AND sub-conclusion only",
      "visibility": "public"
    },
    {
      "id": "edge-027",
      "from_id": "iclr2024-generalizable-and",
      "to_id": "prop-set-function-reconstruction",
      "type": "instantiates",
      "review_status": "agent_checked_selected_statement",
      "evidence": "ICLR 2024 Generalizable Appendix C(1) fixed-x AND sub-conclusion only",
      "visibility": "public"
    },
    {
      "id": "edge-028",
      "from_id": "iclr2024-generalizable-and",
      "to_id": "proof-finite-mobius-reconstruction-v2",
      "type": "uses_shared_proof",
      "review_status": "agent_checked_selected_statement",
      "evidence": "ICLR 2024 Generalizable Appendix C(1) fixed-x AND sub-conclusion only",
      "visibility": "public"
    },
    {
      "id": "edge-029",
      "from_id": "iclr2024-generalizable-and",
      "to_id": "adapter-iclr2024-generalizable-and-v2",
      "type": "implemented_by",
      "review_status": "agent_checked_selected_statement",
      "evidence": "ICLR 2024 Generalizable Appendix C(1) fixed-x AND sub-conclusion only",
      "visibility": "public"
    },
    {
      "id": "edge-030",
      "from_id": "iclr2024-generalizable-and",
      "to_id": "verification-iclr2024-generalizable-and-v2",
      "type": "has_build_evidence",
      "review_status": "agent_checked_selected_statement",
      "evidence": "ICLR 2024 Generalizable Appendix C(1) fixed-x AND sub-conclusion only",
      "visibility": "public"
    },
    {
      "id": "edge-044",
      "from_id": "iclr2024-generalizable-and",
      "to_id": "iclr2024-generalizable-andor",
      "type": "component_of",
      "review_status": "agent_reviewed",
      "evidence": "Appendix C(1) only; component verification does not verify its parent",
      "visibility": "public"
    },
    {
      "id": "edge-007",
      "from_id": "occ-iclr2024-generalizable-and-component",
      "to_id": "src-iclr2024-generalizable-main",
      "type": "located_in",
      "review_status": "agent_source_checked",
      "evidence": "explicit data association",
      "visibility": "public"
    },
    {
      "id": "edge-031",
      "from_id": "iclr2024-generalizable-andor",
      "to_id": "occ-iclr2024-generalizable-theorem2-main",
      "type": "appears_in",
      "review_status": "pending_alignment",
      "evidence": "full original Theorem 2; original notation/proof preserved",
      "visibility": "public"
    },
    {
      "id": "edge-032",
      "from_id": "iclr2024-generalizable-andor",
      "to_id": "occ-iclr2024-generalizable-theorem2-appendix",
      "type": "appears_in",
      "review_status": "pending_alignment",
      "evidence": "full original Theorem 2; original notation/proof preserved",
      "visibility": "public"
    },
    {
      "id": "edge-033",
      "from_id": "iclr2024-generalizable-andor",
      "to_id": "issue-f11-or-intermediate-20260930",
      "type": "raises_issue",
      "review_status": "pending_alignment",
      "evidence": "full original Theorem 2; original notation/proof preserved",
      "visibility": "public"
    },
    {
      "id": "edge-034",
      "from_id": "iclr2024-generalizable-andor",
      "to_id": "issue-f11-mask-notation-20260930",
      "type": "needs_alignment",
      "review_status": "pending_alignment",
      "evidence": "full original Theorem 2; original notation/proof preserved",
      "visibility": "public"
    },
    {
      "id": "edge-035",
      "from_id": "prop-set-function-reconstruction",
      "to_id": "proof-finite-mobius-reconstruction-v2",
      "type": "proved_by",
      "review_status": "agent_reviewed",
      "evidence": "explicit data association",
      "visibility": "public"
    },
    {
      "id": "edge-036",
      "from_id": "proof-finite-mobius-reconstruction-v2",
      "to_id": "verification-library-reconstruction-v2",
      "type": "has_build_evidence",
      "review_status": "agent_reviewed",
      "evidence": "explicit data association",
      "visibility": "public"
    },
    {
      "id": "edge-045",
      "from_id": "iclr2024-generalizable-andor",
      "to_id": "iclr2024-generalizable-and",
      "type": "has_component",
      "review_status": "agent_source_checked",
      "evidence": "selected AND component, original full theorem remains pending",
      "visibility": "public"
    }
  ],
  "direction": "explicit outgoing relations"
}
