{
  "schema_version": 1,
  "paper_id": "sparse-concepts-2111-06206",
  "version": "v6",
  "requested_version": "v6",
  "title": "Defining and Quantifying the Emergence of Sparse Concepts in DNNs",
  "title_status": "provided",
  "authors": [
    "Jie Ren",
    "Mingjie Li",
    "Qirui Chen",
    "Huiqi Deng",
    "Quanshi Zhang"
  ],
  "publication_status": "published",
  "source_type": "public_url",
  "visibility": "public",
  "source_url": "https://arxiv.org/pdf/2111.06206v6",
  "doi": "https://doi.org/10.48550/arXiv.2111.06206",
  "arxiv_id": "2111.06206v6",
  "license": "arXiv non-exclusive distribution license (linked from version page)",
  "retrieved_at": "2026-09-30T05:36:01.304930Z",
  "content_fingerprint": "60f7dd7820222f843ad0fd6ee37762bddf0d2c7a81bf2016f803aeaff01550b0",
  "supersedes": null,
  "files": [
    {
      "path": "sources/2111.06206v6-source.tar",
      "sha256": "d7158da234ffbfaaa2f7e32f89e6977e3f910ac4ae40aac209c90e695f6a85e0",
      "size": 4959113,
      "media_type": "application/x-tar",
      "role": "attachment"
    },
    {
      "path": "sources/2111.06206v6.pdf",
      "sha256": "2f18ed3bc48c095ffbf4ab68a1f6a6545d5e86e562229f3795a46e98f3095a12",
      "size": 5675965,
      "media_type": "application/pdf",
      "role": "main"
    },
    {
      "path": "sources/pdf-http-headers.txt",
      "sha256": "0f187773d84bd0bd0036f263623f1f74aeb88e09ba56a4e4848447d010220c5e",
      "size": 773,
      "media_type": "text/plain",
      "role": "main"
    },
    {
      "path": "sources/source-provenance.json",
      "sha256": "3561fee75525b69cf5be7046a7a6a6893a6b1ead61cac218de1ca55c96d1b57b",
      "size": 934,
      "media_type": "application/json",
      "role": "attachment"
    },
    {
      "path": "sources/tex-http-headers.txt",
      "sha256": "81ab4229181649e991288af59b8fba4c39e69e0c882a92feb9d280537903a7f2",
      "size": 733,
      "media_type": "text/plain",
      "role": "main"
    },
    {
      "path": "sources/tex-source-members.json",
      "sha256": "5c312acfe490a0a03dd6b1c90cea7daf9b7ca179314469a74a135e2f00830311",
      "size": 2768,
      "media_type": "application/json",
      "role": "attachment"
    },
    {
      "path": "sources/tex/AOG.bbl",
      "sha256": "fc74b5d23c4985fe8d9f3faa86948ac71dff7b5b6db8a4fb40bd2597797f9a37",
      "size": 23692,
      "media_type": "application/octet-stream",
      "role": "attachment"
    },
    {
      "path": "sources/tex/AOG.bib",
      "sha256": "b1d735cd458c2c245dc9b28c3789c3557178c3dbae0826ebd8560df9ee479af9",
      "size": 41083,
      "media_type": "text/x-bibtex",
      "role": "attachment"
    },
    {
      "path": "sources/tex/AOG.tex",
      "sha256": "5c8fa55e01787557d76ff1b4a3595923f81a580a317a7ee0b8cfd61a78664bb9",
      "size": 59319,
      "media_type": "text/x-tex",
      "role": "main"
    },
    {
      "path": "sources/tex/appendix.tex",
      "sha256": "b0913e56592c0bd1568c4e9ac9ea9093e556e8a62243d7c86c843a32623d8fe4",
      "size": 100348,
      "media_type": "text/x-tex",
      "role": "main"
    },
    {
      "path": "sources/tex/cvpr.sty",
      "sha256": "378d10630a07d8637e01258ac7f91b32425941e495a09186cc54166b162add05",
      "size": 22663,
      "media_type": "text/x-tex",
      "role": "attachment"
    },
    {
      "path": "sources/tex/figs/appendix/aog-bike-mlp5-adv.pdf",
      "sha256": "41559fc415f808f0fb14e3297c73f6fcf44112d4551c68f6bea41bb4de74d2e1",
      "size": 181621,
      "media_type": "application/pdf",
      "role": "main"
    },
    {
      "path": "sources/tex/figs/appendix/aog-bike-resmlp5-adv.pdf",
      "sha256": "d1957647b57f94881e7d298cea0dd6e098cea996fd3b1d9e1d82a91f6e93c8b3",
      "size": 162950,
      "media_type": "application/pdf",
      "role": "main"
    },
    {
      "path": "sources/tex/figs/appendix/aog-census-mlp2-adv.pdf",
      "sha256": "d67208a4e2521c4d5f74fa20fc6044f2224bae2622a0d98aedee1bb426ac5dc7",
      "size": 150064,
      "media_type": "application/pdf",
      "role": "main"
    },
    {
      "path": "sources/tex/figs/appendix/aog-census-mlp5-adv.pdf",
      "sha256": "8868e4f95d4a25232ed427839f60b64e45b06d7419300f3ae3bf9e7277700502",
      "size": 160287,
      "media_type": "application/pdf",
      "role": "main"
    },
    {
      "path": "sources/tex/figs/appendix/aog-census-mlp5-big.pdf",
      "sha256": "264463c0fe010959add183a5c47c50700e745651a4c9494d3ce16fad395d6390",
      "size": 205276,
      "media_type": "application/pdf",
      "role": "main"
    },
    {
      "path": "sources/tex/figs/appendix/aog-census-resmlp5-adv.pdf",
      "sha256": "dbccf7cb351c7424dbdc9c62e01fca72a4b19d844cb826cd63876037d4ea2acc",
      "size": 177316,
      "media_type": "application/pdf",
      "role": "main"
    },
    {
      "path": "sources/tex/figs/appendix/aog-census-resmlp5-big.pdf",
      "sha256": "765a3ed863b3d55f8110da81271b2fffb6f96294d51d4075316009e27b77301f",
      "size": 190406,
      "media_type": "application/pdf",
      "role": "main"
    },
    {
      "path": "sources/tex/figs/appendix/aog-cola-cnn.pdf",
      "sha256": "5194819280447ae74fd78d3ad87a4d6220d7a3e0998926aecebf0e0c4ebdb352",
      "size": 157365,
      "media_type": "application/pdf",
      "role": "main"
    },
    {
      "path": "sources/tex/figs/appendix/aog-cola-lstm.pdf",
      "sha256": "71adcf709e36b0f2987b74578e35f69c73824a21da77610835ec5b5727296009",
      "size": 151381,
      "media_type": "application/pdf",
      "role": "main"
    },
    {
      "path": "sources/tex/figs/appendix/aog-commercial-mlp2-adv.pdf",
      "sha256": "c71aaf3217a4e022f256bf6c1362f12a6bc653589a58cdf1f023e37ad409ae11",
      "size": 179975,
      "media_type": "application/pdf",
      "role": "main"
    },
    {
      "path": "sources/tex/figs/appendix/aog-commercial-mlp5-adv.pdf",
      "sha256": "421c80e30d54c3847407a1ad5fc78184b8455c80dc7b0f6c740c41d9a856886e",
      "size": 180925,
      "media_type": "application/pdf",
      "role": "main"
    },
    {
      "path": "sources/tex/figs/appendix/aog-commercial-resmlp5-adv.pdf",
      "sha256": "841d28ecf49a46761cd215334e36b05d821abc29b2650beb3e3763cffa592ac9",
      "size": 179780,
      "media_type": "application/pdf",
      "role": "main"
    },
    {
      "path": "sources/tex/figs/appendix/aog-resnet32-mnist.pdf",
      "sha256": "9ad19a0f2461a09c8a09b83acdfb07a732b08a66becfc3f5e55036b955f2b69f",
      "size": 219112,
      "media_type": "application/pdf",
      "role": "main"
    },
    {
      "path": "sources/tex/figs/appendix/aog-resnet44-mnist.pdf",
      "sha256": "104d07ff2e5d2f188bad3059dadbef6faf35c78d16cdb0eb025a4987e1bfd48f",
      "size": 224512,
      "media_type": "application/pdf",
      "role": "main"
    },
    {
      "path": "sources/tex/figs/appendix/aog-sst2-cnn.pdf",
      "sha256": "f996cf1ea17ded2c1f1ed430311321865f1114559a802383d091b1233e5d2b56",
      "size": 153746,
      "media_type": "application/pdf",
      "role": "main"
    },
    {
      "path": "sources/tex/figs/appendix/aog-sst2-lstm.pdf",
      "sha256": "25633b520c597a439c0472678cc13ffaa6de265be0b7f119462a8ae06f4e4a1f",
      "size": 167023,
      "media_type": "application/pdf",
      "role": "main"
    },
    {
      "path": "sources/tex/figs/appendix/aog-vgg16-mnist.pdf",
      "sha256": "88f251d737d0432430e6ce62fbd68078a88fa541df10ff7a6865c1c3a42ce155",
      "size": 266454,
      "media_type": "application/pdf",
      "role": "main"
    },
    {
      "path": "sources/tex/figs/appendix/baseline-value-effect.pdf",
      "sha256": "e0f64860f547ca9d8ed0fe455508a1de35e0d37c8b347afa70fef9e1a180910d",
      "size": 97896,
      "media_type": "application/pdf",
      "role": "main"
    },
    {
      "path": "sources/tex/figs/appendix/misclassified-more.pdf",
      "sha256": "dcd4e15c5424fdb6d338c4f929da6f7298a518623385c5e403938b83ed985225",
      "size": 439919,
      "media_type": "application/pdf",
      "role": "main"
    },
    {
      "path": "sources/tex/figs/appendix/more-rk-results-bike.pdf",
      "sha256": "e9c06f714101ccb9adceed9b77dbc80a661b8a40a5dcc6c0241a80e9abfa2e94",
      "size": 91813,
      "media_type": "application/pdf",
      "role": "main"
    },
    {
      "path": "sources/tex/figs/appendix/more-rk-results-census.pdf",
      "sha256": "7762ea6a28e6fd510ae72a655e80be2470581755dcf756937ba3b00b6579db26",
      "size": 93336,
      "media_type": "application/pdf",
      "role": "main"
    },
    {
      "path": "sources/tex/figs/appendix/rebuttal_CelebA_AOG.pdf",
      "sha256": "94836ca722b5f7a03501abb685e64eb0280040ba186062d6957c4d7eb6e57d2d",
      "size": 283800,
      "media_type": "application/pdf",
      "role": "main"
    },
    {
      "path": "sources/tex/figs/appendix/rebuttal_DNN_depth_AOG_n_node.pdf",
      "sha256": "c63985fdf3627eb4a47870197ef755cd8fc58c413886c05c0f024d9443d011a6",
      "size": 74660,
      "media_type": "application/pdf",
      "role": "main"
    },
    {
      "path": "sources/tex/figs/appendix/resmlp5-arch.pdf",
      "sha256": "f320ce2d1742d70b3d731308b9a376e07c42cd31d640e58bfdd108e061b3776d",
      "size": 63687,
      "media_type": "application/pdf",
      "role": "main"
    },
    {
      "path": "sources/tex/figs/main/aog_main-mnist.pdf",
      "sha256": "c7a81f2cd2316eb0d3ebc945696454c72aa0820423ebd6dd5cb10ce756d3f9c6",
      "size": 156051,
      "media_type": "application/pdf",
      "role": "main"
    },
    {
      "path": "sources/tex/figs/main/aog_main.pdf",
      "sha256": "21f6474bb2a566f92d2525b2f03c63a0da74b964bdde2fcb86d47addf6f6416c",
      "size": 170123,
      "media_type": "application/pdf",
      "role": "main"
    },
    {
      "path": "sources/tex/figs/main/explain_ratio_baseline_effective_enlarged.pdf",
      "sha256": "4222fa4cea499b635ef8adb22279b11432f2e8eae02c22696435d915f7c0a917",
      "size": 146542,
      "media_type": "application/pdf",
      "role": "main"
    },
    {
      "path": "sources/tex/figs/main/fig1-causal-graph.pdf",
      "sha256": "c57668065e1e1077f4908cbbff60ca635a9c9e2d287fc7d967615e371e98b7e1",
      "size": 165785,
      "media_type": "application/pdf",
      "role": "main"
    },
    {
      "path": "sources/tex/figs/main/misclassified.pdf",
      "sha256": "9c554e2764b03e94bc7b27533ee9117318f0cbc5092cd9a681302d4b65c35187",
      "size": 232961,
      "media_type": "application/pdf",
      "role": "main"
    },
    {
      "path": "sources/tex/figs/main/universal-sparsity.pdf",
      "sha256": "a37624f42b35fb862c42ef5c5b013245e3e9f5940128401ecc15630250110828",
      "size": 104161,
      "media_type": "application/pdf",
      "role": "main"
    },
    {
      "path": "sources/tex/ieee_fullname.bst",
      "sha256": "3de292cd2c8ec731cd5984287bf9788d506467780b74a7c689e1fe7d198a9644",
      "size": 19905,
      "media_type": "application/octet-stream",
      "role": "attachment"
    },
    {
      "path": "sources/tex/packages.tex",
      "sha256": "3a159b6ebe689e9853b254424385c867f2fd31271ef9b9737d037bf75ae36161",
      "size": 3265,
      "media_type": "text/x-tex",
      "role": "main"
    }
  ],
  "missing_materials": [],
  "review_status": "pending",
  "idempotent": false
}
