/mnt/data2/wyh/lean4project/.tmp/audit-20260930T050811-2-0.lean:9:0: error: Unknown option `pp.width`
/mnt/data2/wyh/lean4project/.tmp/audit-20260930T050811-2-0.lean:24:4: error: Application type mismatch: The argument
  Lean.Elab.Command.liftIO (IO.println.{0} (HAppend.hAppend.{0, 0, 0} "ARCHIVE_API:" (Lean.Json.compress row)))
has type
  Lean.Elab.Command.CommandElabM Unit
but is expected to have type
  ReaderT.{0, 0} Lean.Elab.Term.Context (StateRefT' IO.RealWorld Lean.Elab.Term.State Lean.Meta.MetaM) ?m.144
in the application
  Bind.bind.{0, 0}
    (Lean.Elab.Command.liftIO (IO.println.{0} (HAppend.hAppend.{0, 0, 0} "ARCHIVE_API:" (Lean.Json.compress row))))
'Harsanyi.Game' depends on axioms: [propext, Classical.choice, Quot.sound]
'Harsanyi.interaction' depends on axioms: [propext, Classical.choice, Quot.sound]
'Harsanyi.reconstruct' depends on axioms: [propext, Classical.choice, Quot.sound]
'Harsanyi.centered' depends on axioms: [propext, Classical.choice, Quot.sound]
'Harsanyi.marginal' depends on axioms: [propext, Classical.choice, Quot.sound]
'Harsanyi.interaction_empty' depends on axioms: [propext, Classical.choice, Quot.sound]
'Harsanyi.reconstruct_empty' depends on axioms: [propext, Classical.choice, Quot.sound]
'Harsanyi.centered_empty' depends on axioms: [propext, Classical.choice, Quot.sound]
'Harsanyi.interaction_congr' depends on axioms: [propext, Classical.choice, Quot.sound]
'Harsanyi.interaction_singleton' depends on axioms: [propext, Classical.choice, Quot.sound]
'Harsanyi.interaction_insert' depends on axioms: [propext, Classical.choice, Quot.sound]
'Harsanyi.reconstruction' depends on axioms: [propext, Classical.choice, Quot.sound]
'Harsanyi.interaction_reconstruct' depends on axioms: [propext, Classical.choice, Quot.sound]
'Harsanyi.reconstruction_unique' depends on axioms: [propext, Classical.choice, Quot.sound]
'Harsanyi.interaction_injective' depends on axioms: [propext, Classical.choice, Quot.sound]
'Harsanyi.interaction_add' depends on axioms: [propext, Classical.choice, Quot.sound]
'Harsanyi.interaction_sub' depends on axioms: [propext, Classical.choice, Quot.sound]
'Harsanyi.interaction_smul' depends on axioms: [propext, Classical.choice, Quot.sound]
'Harsanyi.interaction_zero' depends on axioms: [propext, Classical.choice, Quot.sound]
'Harsanyi.interaction_const' depends on axioms: [propext, Classical.choice, Quot.sound]
'Harsanyi.interaction_centered' depends on axioms: [propext, Classical.choice, Quot.sound]
'Harsanyi.interaction_centered_nonempty' depends on axioms: [propext, Classical.choice, Quot.sound]
'Harsanyi.interaction_recursive' depends on axioms: [propext, Classical.choice, Quot.sound]
'Harsanyi.unanimity' depends on axioms: [propext, Classical.choice, Quot.sound]
'Harsanyi.reconstruct_single' depends on axioms: [propext, Classical.choice, Quot.sound]
'Harsanyi.interaction_unanimity' depends on axioms: [propext, Classical.choice, Quot.sound]
'Harsanyi.interaction_dummy' depends on axioms: [propext, Classical.choice, Quot.sound]
'Harsanyi.interaction_relabel' depends on axioms: [propext, Classical.choice, Quot.sound]
'Harsanyi.dividendAllocation' depends on axioms: [propext, Classical.choice, Quot.sound]
'Harsanyi.dividendAllocation_add' depends on axioms: [propext, Classical.choice, Quot.sound]
'Harsanyi.sum_dividend_shares' depends on axioms: [propext, Classical.choice, Quot.sound]
'Harsanyi.dividendAllocation_efficiency' depends on axioms: [propext, Classical.choice, Quot.sound]
'Harsanyi.dividendAllocation_centered' depends on axioms: [propext, Classical.choice, Quot.sound]
'Harsanyi.dividendAllocation_unanimity' depends on axioms: [propext, Classical.choice, Quot.sound]
