⚠ [3086/3099] Replayed Harsanyi.Core.Basic
warning: Harsanyi/Core/Basic.lean:30:8: automatically included section variable(s) unused in theorem `Harsanyi.interaction_empty`:
  [DecidableEq α]
consider restructuring your `variable` declarations so that the variables are not in scope or explicitly omit them:
  omit [DecidableEq α] in theorem ...

Note: This linter can be disabled with `set_option linter.unusedSectionVars false`
warning: Harsanyi/Core/Basic.lean:33:8: automatically included section variable(s) unused in theorem `Harsanyi.reconstruct_empty`:
  [DecidableEq α]
consider restructuring your `variable` declarations so that the variables are not in scope or explicitly omit them:
  omit [DecidableEq α] in theorem ...

Note: This linter can be disabled with `set_option linter.unusedSectionVars false`
warning: Harsanyi/Core/Basic.lean:36:8: automatically included section variable(s) unused in theorem `Harsanyi.centered_empty`:
  [DecidableEq α]
consider restructuring your `variable` declarations so that the variables are not in scope or explicitly omit them:
  omit [DecidableEq α] in theorem ...

Note: This linter can be disabled with `set_option linter.unusedSectionVars false`
warning: Harsanyi/Core/Basic.lean:39:0: automatically included section variable(s) unused in theorem `Harsanyi.interaction_congr`:
  [DecidableEq α]
consider restructuring your `variable` declarations so that the variables are not in scope or explicitly omit them:
  omit [DecidableEq α] in theorem ...

Note: This linter can be disabled with `set_option linter.unusedSectionVars false`
⚠ [3088/3099] Replayed Harsanyi.Core.Properties
warning: Harsanyi/Core/Properties.lean:7:0: automatically included section variable(s) unused in theorem `Harsanyi.interaction_add`:
  [DecidableEq α]
consider restructuring your `variable` declarations so that the variables are not in scope or explicitly omit them:
  omit [DecidableEq α] in theorem ...

Note: This linter can be disabled with `set_option linter.unusedSectionVars false`
warning: Harsanyi/Core/Properties.lean:11:0: automatically included section variable(s) unused in theorem `Harsanyi.interaction_sub`:
  [DecidableEq α]
consider restructuring your `variable` declarations so that the variables are not in scope or explicitly omit them:
  omit [DecidableEq α] in theorem ...

Note: This linter can be disabled with `set_option linter.unusedSectionVars false`
warning: Harsanyi/Core/Properties.lean:15:0: automatically included section variable(s) unused in theorem `Harsanyi.interaction_smul`:
  [DecidableEq α]
consider restructuring your `variable` declarations so that the variables are not in scope or explicitly omit them:
  omit [DecidableEq α] in theorem ...

Note: This linter can be disabled with `set_option linter.unusedSectionVars false`
warning: Harsanyi/Core/Properties.lean:19:8: automatically included section variable(s) unused in theorem `Harsanyi.interaction_zero`:
  [DecidableEq α]
consider restructuring your `variable` declarations so that the variables are not in scope or explicitly omit them:
  omit [DecidableEq α] in theorem ...

Note: This linter can be disabled with `set_option linter.unusedSectionVars false`
warning: Harsanyi/Core/Properties.lean:75:0: automatically included section variable(s) unused in theorem `Harsanyi.interaction_relabel`:
  [DecidableEq α]
consider restructuring your `variable` declarations so that the variables are not in scope or explicitly omit them:
  omit [DecidableEq α] in theorem ...

Note: This linter can be disabled with `set_option linter.unusedSectionVars false`
⚠ [3089/3099] Replayed Harsanyi.Extensions.Sparsity
warning: Harsanyi/Extensions/Sparsity.lean:61:42: unused variable `hM`

Note: This linter can be disabled with `set_option linter.unusedVariables false`
warning: Harsanyi/Extensions/Sparsity.lean:299:8: automatically included section variable(s) unused in theorem `Harsanyi.Sparsity.meanOutput_top`:
  [DecidableEq α]
consider restructuring your `variable` declarations so that the variables are not in scope or explicitly omit them:
  omit [DecidableEq α] in theorem ...

Note: This linter can be disabled with `set_option linter.unusedSectionVars false`
warning: Harsanyi/Extensions/Sparsity.lean:311:0: automatically included section variable(s) unused in theorem `Harsanyi.Sparsity.threshold_count`:
  [DecidableEq α]
consider restructuring your `variable` declarations so that the variables are not in scope or explicitly omit them:
  omit [DecidableEq α] in theorem ...

Note: This linter can be disabled with `set_option linter.unusedSectionVars false`
info: Harsanyi/Extensions/Sparsity.lean:392:6: Try this:
  ring_nf
  
  The `ring` tactic failed to close the goal. Use `ring_nf` to obtain a normal form.
    
  Note that `ring` works primarily in *commutative* rings. If you have a noncommutative ring, abelian group or module, consider using `noncomm_ring`, `abel` or `module` instead.
warning: Harsanyi/Extensions/Sparsity.lean:576:20: Used `tac1 <;> tac2` where `(tac1; tac2)` would suffice

Note: This linter can be disabled with `set_option linter.unnecessarySeqFocus false`
⚠ [3249/3249] Replayed Harsanyi.Extensions.Noise
warning: Harsanyi/Extensions/Noise.lean:12:0: automatically included section variable(s) unused in theorem `Harsanyi.signed_gaussian_variance`:
  [DecidableEq α]
consider restructuring your `variable` declarations so that the variables are not in scope or explicitly omit them:
  omit [DecidableEq α] in theorem ...

Note: This linter can be disabled with `set_option linter.unusedSectionVars false`
warning: Harsanyi/Extensions/Noise.lean:106:0: automatically included section variable(s) unused in theorem `Harsanyi.noisy_and_identity`:
  [MeasurableSpace Ω]
consider restructuring your `variable` declarations so that the variables are not in scope or explicitly omit them:
  omit [MeasurableSpace Ω] in theorem ...

Note: This linter can be disabled with `set_option linter.unusedSectionVars false`
warning: Harsanyi/Extensions/Noise.lean:113:0: automatically included section variable(s) unused in theorem `Harsanyi.noisy_or_identity`:
  [MeasurableSpace Ω]
consider restructuring your `variable` declarations so that the variables are not in scope or explicitly omit them:
  omit [MeasurableSpace Ω] in theorem ...

Note: This linter can be disabled with `set_option linter.unusedSectionVars false`
Build completed successfully (3249 jobs).
