⚠ [3087/3102] Replayed Harsanyi.Core.Basic
warning: Harsanyi/Core/Basic.lean:30:8: automatically included section variable(s) unused in theorem `Harsanyi.interaction_empty`:
  [DecidableEq α]
consider restructuring your `variable` declarations so that the variables are not in scope or explicitly omit them:
  omit [DecidableEq α] in theorem ...

Note: This linter can be disabled with `set_option linter.unusedSectionVars false`
warning: Harsanyi/Core/Basic.lean:33:8: automatically included section variable(s) unused in theorem `Harsanyi.reconstruct_empty`:
  [DecidableEq α]
consider restructuring your `variable` declarations so that the variables are not in scope or explicitly omit them:
  omit [DecidableEq α] in theorem ...

Note: This linter can be disabled with `set_option linter.unusedSectionVars false`
warning: Harsanyi/Core/Basic.lean:36:8: automatically included section variable(s) unused in theorem `Harsanyi.centered_empty`:
  [DecidableEq α]
consider restructuring your `variable` declarations so that the variables are not in scope or explicitly omit them:
  omit [DecidableEq α] in theorem ...

Note: This linter can be disabled with `set_option linter.unusedSectionVars false`
warning: Harsanyi/Core/Basic.lean:39:0: automatically included section variable(s) unused in theorem `Harsanyi.interaction_congr`:
  [DecidableEq α]
consider restructuring your `variable` declarations so that the variables are not in scope or explicitly omit them:
  omit [DecidableEq α] in theorem ...

Note: This linter can be disabled with `set_option linter.unusedSectionVars false`
⚠ [3089/3102] Replayed Harsanyi.Core.Properties
warning: Harsanyi/Core/Properties.lean:7:0: automatically included section variable(s) unused in theorem `Harsanyi.interaction_add`:
  [DecidableEq α]
consider restructuring your `variable` declarations so that the variables are not in scope or explicitly omit them:
  omit [DecidableEq α] in theorem ...

Note: This linter can be disabled with `set_option linter.unusedSectionVars false`
warning: Harsanyi/Core/Properties.lean:11:0: automatically included section variable(s) unused in theorem `Harsanyi.interaction_sub`:
  [DecidableEq α]
consider restructuring your `variable` declarations so that the variables are not in scope or explicitly omit them:
  omit [DecidableEq α] in theorem ...

Note: This linter can be disabled with `set_option linter.unusedSectionVars false`
warning: Harsanyi/Core/Properties.lean:15:0: automatically included section variable(s) unused in theorem `Harsanyi.interaction_smul`:
  [DecidableEq α]
consider restructuring your `variable` declarations so that the variables are not in scope or explicitly omit them:
  omit [DecidableEq α] in theorem ...

Note: This linter can be disabled with `set_option linter.unusedSectionVars false`
warning: Harsanyi/Core/Properties.lean:19:8: automatically included section variable(s) unused in theorem `Harsanyi.interaction_zero`:
  [DecidableEq α]
consider restructuring your `variable` declarations so that the variables are not in scope or explicitly omit them:
  omit [DecidableEq α] in theorem ...

Note: This linter can be disabled with `set_option linter.unusedSectionVars false`
warning: Harsanyi/Core/Properties.lean:75:0: automatically included section variable(s) unused in theorem `Harsanyi.interaction_relabel`:
  [DecidableEq α]
consider restructuring your `variable` declarations so that the variables are not in scope or explicitly omit them:
  omit [DecidableEq α] in theorem ...

Note: This linter can be disabled with `set_option linter.unusedSectionVars false`
⚠ [3090/3102] Replayed Harsanyi.Core.Shapley
warning: Harsanyi/Core/Shapley.lean:63:30: This simp argument is unused:
  empty_mem_powerset

Hint: Omit it from the simp argument list.
  simp [Finset.sum_ite_eq',̵ ̵e̵m̵p̵t̵y̵_̵m̵e̵m̵_̵p̵o̵w̵e̵r̵s̵e̵t̵]

Note: This linter can be disabled with `set_option linter.unusedSimpArgs false`
⚠ [3250/3258] Replayed Harsanyi.Extensions.Noise
warning: Harsanyi/Extensions/Noise.lean:12:0: automatically included section variable(s) unused in theorem `Harsanyi.signed_gaussian_variance`:
  [DecidableEq α]
consider restructuring your `variable` declarations so that the variables are not in scope or explicitly omit them:
  omit [DecidableEq α] in theorem ...

Note: This linter can be disabled with `set_option linter.unusedSectionVars false`
warning: Harsanyi/Extensions/Noise.lean:106:0: automatically included section variable(s) unused in theorem `Harsanyi.noisy_and_identity`:
  [MeasurableSpace Ω]
consider restructuring your `variable` declarations so that the variables are not in scope or explicitly omit them:
  omit [MeasurableSpace Ω] in theorem ...

Note: This linter can be disabled with `set_option linter.unusedSectionVars false`
warning: Harsanyi/Extensions/Noise.lean:113:0: automatically included section variable(s) unused in theorem `Harsanyi.noisy_or_identity`:
  [MeasurableSpace Ω]
consider restructuring your `variable` declarations so that the variables are not in scope or explicitly omit them:
  omit [MeasurableSpace Ω] in theorem ...

Note: This linter can be disabled with `set_option linter.unusedSectionVars false`
⚠ [3251/3258] Replayed Harsanyi.Extensions.Sparsity
warning: Harsanyi/Extensions/Sparsity.lean:61:42: unused variable `hM`

Note: This linter can be disabled with `set_option linter.unusedVariables false`
warning: Harsanyi/Extensions/Sparsity.lean:299:8: automatically included section variable(s) unused in theorem `Harsanyi.Sparsity.meanOutput_top`:
  [DecidableEq α]
consider restructuring your `variable` declarations so that the variables are not in scope or explicitly omit them:
  omit [DecidableEq α] in theorem ...

Note: This linter can be disabled with `set_option linter.unusedSectionVars false`
warning: Harsanyi/Extensions/Sparsity.lean:311:0: automatically included section variable(s) unused in theorem `Harsanyi.Sparsity.threshold_count`:
  [DecidableEq α]
consider restructuring your `variable` declarations so that the variables are not in scope or explicitly omit them:
  omit [DecidableEq α] in theorem ...

Note: This linter can be disabled with `set_option linter.unusedSectionVars false`
info: Harsanyi/Extensions/Sparsity.lean:392:6: Try this:
  ring_nf
  
  The `ring` tactic failed to close the goal. Use `ring_nf` to obtain a normal form.
    
  Note that `ring` works primarily in *commutative* rings. If you have a noncommutative ring, abelian group or module, consider using `noncomm_ring`, `abel` or `module` instead.
warning: Harsanyi/Extensions/Sparsity.lean:576:20: Used `tac1 <;> tac2` where `(tac1; tac2)` would suffice

Note: This linter can be disabled with `set_option linter.unnecessarySeqFocus false`
✔ [6329/6362] Built Harsanyi.Extensions.Attribution:c.o (217ms)
✔ [6330/6362] Built Harsanyi.Extensions.OrInteraction:c.o (216ms)
✔ [6331/6362] Built Mathlib.Analysis.Calculus.LocalExtr.Basic:c.o (209ms)
✔ [6332/6362] Built Mathlib.Topology.ExtendFrom:c.o (193ms)
✔ [6333/6362] Built Mathlib.Topology.Order.ExtendFrom:c.o (159ms)
✔ [6334/6362] Built Mathlib.Topology.Order.Rolle:c.o (175ms)
✔ [6335/6362] Built Mathlib.Analysis.Calculus.LocalExtr.Rolle:c.o (173ms)
✔ [6336/6362] Built Mathlib.Analysis.Calculus.Deriv.MeanValue:c.o (161ms)
✔ [6337/6362] Built Mathlib.Analysis.Convex.Deriv:c.o (154ms)
✔ [6338/6362] Built Mathlib.Analysis.SpecialFunctions.Log.NegMulLog:c.o (137ms)
✔ [6339/6362] Built Mathlib.Analysis.Calculus.InverseFunctionTheorem.FDeriv:c.o (123ms)
✔ [6340/6362] Built Mathlib.Analysis.Calculus.InverseFunctionTheorem.Deriv:c.o (113ms)
✔ [6341/6362] Built Mathlib.Analysis.SpecialFunctions.Complex.LogDeriv:c.o (98ms)
✔ [6342/6362] Built Mathlib.Analysis.Calculus.FDeriv.Extend:c.o (108ms)
✔ [6343/6362] Built Mathlib.Analysis.Calculus.Deriv.Prod:c.o (98ms)
✔ [6344/6362] Built Mathlib.Order.Monotone.Union:c.o (106ms)
✔ [6345/6362] Built Mathlib.Order.Monotone.Odd:c.o (97ms)
✔ [6346/6373] Built Mathlib.Analysis.Calculus.InverseFunctionTheorem.ApproximatesLinearOn:c.o (210ms)
✔ [6347/6373] Built Mathlib.Analysis.SpecialFunctions.Pow.Deriv:c.o (141ms)
✔ [6348/6373] Built Mathlib.Analysis.SpecialFunctions.Integrability.Basic:c.o (105ms)
✔ [6349/6373] Built Mathlib.MeasureTheory.Integral.Layercake:c.o (97ms)
✔ [6350/6373] Built Mathlib.Analysis.SpecialFunctions.JapaneseBracket:c.o (126ms)
✔ [6351/6373] Built Mathlib.Analysis.SpecialFunctions.Sqrt:c.o (114ms)
✔ [6352/6373] Built Mathlib.Analysis.Convex.SpecificFunctions.Deriv:c.o (103ms)
✔ [6353/6373] Built Mathlib.Analysis.SpecialFunctions.Trigonometric.Complex:c.o (94ms)
✔ [6354/6373] Built Mathlib.Analysis.SpecialFunctions.Trigonometric.ComplexDeriv:c.o (95ms)
✔ [6355/6373] Built Mathlib.Analysis.SpecialFunctions.Trigonometric.ArctanDeriv:c.o (97ms)
✔ [6356/6373] Built Mathlib.Analysis.SpecialFunctions.Trigonometric.Bounds:c.o (97ms)
✔ [6357/6384] Built Mathlib.Analysis.SpecialFunctions.Trigonometric.Sinc:c.o (98ms)
✔ [6358/6384] Built Mathlib.MeasureTheory.Integral.IntervalIntegral.IntegrationByParts:c.o (109ms)
✔ [6359/6384] Built Mathlib.Analysis.SpecialFunctions.Integrals.Basic:c.o (107ms)
✔ [6360/6384] Built Mathlib.MeasureTheory.Group.Integral:c.o (117ms)
✔ [6361/6384] Built Mathlib.Analysis.Calculus.Deriv.Support:c.o (104ms)
✔ [6362/6384] Built Mathlib.MeasureTheory.Covering.VitaliFamily:c.o (115ms)
✔ [6363/6384] Built Mathlib.MeasureTheory.Function.AEMeasurableOrder:c.o (96ms)
✔ [6364/6384] Built Mathlib.MeasureTheory.Measure.Decomposition.Hahn:c.o (105ms)
✔ [6365/6384] Built Mathlib.MeasureTheory.Function.StronglyMeasurable.ENNReal:c.o (95ms)
✔ [6366/6394] Built Mathlib.MeasureTheory.Function.AEEqOfLIntegral:c.o (109ms)
✔ [6367/6394] Built Mathlib.MeasureTheory.Measure.Sub:c.o (100ms)
✔ [6368/6394] Built Mathlib.MeasureTheory.Measure.Decomposition.Lebesgue:c.o (99ms)
✔ [6369/6394] Built Mathlib.MeasureTheory.Covering.Differentiation:c.o (113ms)
✔ [6370/6394] Built Mathlib.MeasureTheory.Covering.BesicovitchVectorSpace:c.o (108ms)
✔ [6371/6394] Built Mathlib.Topology.MetricSpace.PiNat:c.o (120ms)
✔ [6372/6394] Built Mathlib.Topology.MetricSpace.CantorScheme:c.o (89ms)
✔ [6373/6404] Built Mathlib.Topology.MetricSpace.Gluing:c.o (227ms)
✔ [6374/6404] Built Mathlib.Topology.Metrizable.CompletelyMetrizable:c.o (150ms)
✔ [6375/6404] Built Mathlib.Topology.MetricSpace.Polish:c.o (126ms)
✔ [6376/6404] Built Mathlib.Topology.MetricSpace.Perfect:c.o (109ms)
✔ [6377/6404] Built Mathlib.Topology.Separation.CountableSeparatingOn:c.o (102ms)
✔ [6378/6404] Built Mathlib.MeasureTheory.Constructions.Polish.Basic:c.o (114ms)
✔ [6379/6404] Built Mathlib.MeasureTheory.Function.Jacobian:c.o (104ms)
✔ [6380/6404] Built Mathlib.MeasureTheory.Function.JacobianOneDim:c.o (121ms)
✔ [6381/6404] Built Mathlib.MeasureTheory.Measure.Haar.NormedSpace:c.o (118ms)
✔ [6382/6404] Built Mathlib.Analysis.Normed.Group.FunctionSeries:c.o (98ms)
✔ [6383/6404] Built Mathlib.MeasureTheory.Measure.EverywherePos:c.o (98ms)
✔ [6384/6414] Built Mathlib.Analysis.SpecialFunctions.Trigonometric.Deriv:c.o (521ms)
✔ [6385/6414] Built Mathlib.Analysis.Normed.Affine.AddTorsor:c.o (161ms)
✔ [6386/6414] Built Mathlib.Topology.UrysohnsLemma:c.o (122ms)
✔ [6387/6414] Built Mathlib.Topology.Metrizable.Urysohn:c.o (111ms)
✔ [6388/6414] Built Mathlib.MeasureTheory.Measure.Haar.Unique:c.o (149ms)
✔ [6389/6414] Built Mathlib.MeasureTheory.Integral.IntegralEqImproper:c.o (112ms)
✔ [6390/6414] Built Mathlib.MeasureTheory.Measure.Lebesgue.Integral:c.o (141ms)
✔ [6391/6414] Built Mathlib.Analysis.SpecialFunctions.ImproperIntegrals:c.o (110ms)
✔ [6392/6414] Built Mathlib.MeasureTheory.Integral.ExpDecay:c.o (101ms)
✔ [6393/6425] Built Mathlib.LinearAlgebra.AffineSpace.Ordered:c.o (236ms)
✔ [6394/6425] Built Mathlib.Topology.ContinuousMap.Ordered:c.o (193ms)
✔ [6395/6425] Built Mathlib.MeasureTheory.Integral.Asymptotics:c.o (143ms)
✔ [6396/6425] Built Mathlib.Analysis.SpecialFunctions.PolarCoord:c.o (113ms)
✔ [6397/6425] Built Mathlib.Analysis.Complex.Convex:c.o (114ms)
✔ [6398/6425] Built Mathlib.Analysis.SpecialFunctions.Gaussian.GaussianIntegral:c.o (109ms)
✔ [6399/6425] Built Mathlib.MeasureTheory.Integral.Pi:c.o (100ms)
✔ [6400/6425] Built Mathlib.Analysis.Normed.Group.BallSphere:c.o (137ms)
✔ [6401/6435] Built Mathlib.Analysis.Complex.Circle:c.o (169ms)
✔ [6402/6435] Built Mathlib.Analysis.SpecialFunctions.Gaussian.FourierTransform:c.o (127ms)
✔ [6403/6435] Built Mathlib.Analysis.Calculus.ParametricIntegral:c.o (106ms)
✔ [6404/6435] Built Mathlib.Analysis.Fourier.BoundedContinuousFunctionChar:c.o (134ms)
✔ [6405/6435] Built Mathlib.Analysis.Normed.Group.NullSubmodule:c.o (116ms)
✔ [6406/6435] Built Mathlib.Topology.Algebra.Module.PerfectPairing:c.o (116ms)
✔ [6407/6435] Built Mathlib.Analysis.InnerProductSpace.ProdL2:c.o (118ms)
✔ [6408/6435] Built Mathlib.Analysis.Normed.Lp.MeasurableSpace:c.o (120ms)
✔ [6409/6435] Built Mathlib.MeasureTheory.Group.IntegralConvolution:c.o (112ms)
✔ [6410/6435] Built Mathlib.Analysis.RCLike.BoundedContinuous:c.o (123ms)
✔ [6411/6435] Built Mathlib.Analysis.SpecialFunctions.MulExpNegMulSq:c.o (113ms)
✔ [6412/6435] Built Mathlib.Analysis.SpecialFunctions.Complex.LogBounds:c.o (104ms)
✔ [6413/6446] Built Mathlib.Analysis.Normed.Field.UnitBall:c.o (306ms)
✔ [6414/6446] Built Mathlib.Analysis.Fourier.FourierTransform:c.o (297ms)
✔ [6415/6446] Built Mathlib.Algebra.Order.Group.DenselyOrdered:c.o (118ms)
✔ [6416/6446] Built Mathlib.Topology.Algebra.Order.LiminfLimsup:c.o (130ms)
✔ [6417/6446] Built Mathlib.MeasureTheory.Integral.BoundedContinuousFunction:c.o (120ms)
✔ [6418/6446] Built Mathlib.MeasureTheory.Measure.RegularityCompacts:c.o (98ms)
✔ [6419/6446] Built Mathlib.Data.NNReal.Star:c.o (109ms)
✔ [6420/6446] Built Mathlib.Topology.Algebra.Star.Real:c.o (96ms)
✔ [6421/6446] Built Mathlib.Topology.Algebra.StarSubalgebra:c.o (144ms)
✔ [6422/6446] Built Mathlib.Topology.ContinuousMap.Lattice:c.o (97ms)
✔ [6423/6456] Built Mathlib.Analysis.InnerProductSpace.Dual:c.o (365ms)
✔ [6424/6456] Built Mathlib.Topology.Algebra.NonUnitalAlgebra:c.o (134ms)
✔ [6425/6456] Built Mathlib.Topology.Algebra.NonUnitalStarAlgebra:c.o (144ms)
✔ [6426/6456] Built Mathlib.Algebra.MvPolynomial.Derivation:c.o (95ms)
✔ [6427/6456] Built Mathlib.Algebra.MvPolynomial.PDeriv:c.o (98ms)
✔ [6428/6456] Built Mathlib.RingTheory.Polynomial.Bernstein:c.o (135ms)
✔ [6429/6456] Built Mathlib.Topology.ContinuousMap.Weierstrass:c.o (106ms)
✔ [6430/6456] Built Mathlib.Topology.ContinuousMap.StoneWeierstrass:c.o (129ms)
✔ [6431/6456] Built Mathlib.MeasureTheory.Measure.HasOuterApproxClosed:c.o (108ms)
✔ [6432/6467] Built Mathlib.Topology.ContinuousMap.Polynomial:c.o (169ms)
✔ [6433/6467] Built Mathlib.Analysis.SpecialFunctions.MulExpNegMulSqIntegral:c.o (150ms)
✔ [6434/6467] Built Mathlib.MeasureTheory.Measure.FiniteMeasureExt:c.o (113ms)
✔ [6435/6467] Built Mathlib.MeasureTheory.Measure.CharacteristicFunction:c.o (113ms)
✔ [6436/6467] Built Mathlib.Probability.Kernel.MeasurableLIntegral:c.o (103ms)
✔ [6437/6467] Built Mathlib.Probability.Kernel.Composition.MapComap:c.o (131ms)
✔ [6438/6467] Built Mathlib.Probability.Kernel.Composition.CompMap:c.o (106ms)
✔ [6439/6477] Built Mathlib.Data.Nat.Factorial.DoubleFactorial:c.o (643ms)
✔ [6440/6477] Built Mathlib.Analysis.SpecialFunctions.Bernstein:c.o (316ms)
✔ [6441/6477] Built Mathlib.Probability.Kernel.Defs:c.o (239ms)
✔ [6442/6477] Built Mathlib.Probability.Kernel.Basic:c.o (199ms)
✔ [6443/6477] Built Mathlib.Probability.Kernel.Composition.CompNotation:c.o (189ms)
✔ [6444/6477] Built Mathlib.Probability.Kernel.Composition.Comp:c.o (168ms)
✔ [6445/6477] Built Mathlib.Probability.Kernel.Composition.Prod:c.o (174ms)
✔ [6446/6477] Built Mathlib.Probability.Kernel.Composition.KernelLemmas:c.o (124ms)
✔ [6447/6477] Built Mathlib.Probability.Kernel.Composition.MeasureComp:c.o (133ms)
✔ [6448/6477] Built Mathlib.Probability.Independence.Kernel:c.o (145ms)
✔ [6449/6477] Built Mathlib.Probability.Independence.Basic:c.o (136ms)
✔ [6450/6477] Built Mathlib.Probability.Independence.Integrable:c.o (97ms)
✔ [6451/6477] Built Mathlib.Order.Filter.Germ.OrderedMonoid:c.o (116ms)
✔ [6452/6477] Built Mathlib.Order.Filter.Ring:c.o (99ms)
✔ [6453/6477] Built Mathlib.MeasureTheory.Function.LpSeminorm.Trim:c.o (101ms)
✔ [6454/6488] Built Mathlib.Probability.Kernel.Composition.ParallelComp:c.o (240ms)
✔ [6455/6488] Built Mathlib.Probability.Kernel.Composition.CompProd:c.o (229ms)
✔ [6456/6488] Built Mathlib.Probability.Kernel.Composition.MeasureCompProd:c.o (193ms)
✔ [6457/6488] Built Mathlib.MeasureTheory.Function.StronglyMeasurable.Lp:c.o (204ms)
✔ [6458/6488] Built Mathlib.MeasureTheory.Function.AEEqOfIntegral:c.o (167ms)
✔ [6459/6488] Built Mathlib.MeasureTheory.Function.ConditionalExpectation.AEMeasurable:c.o (127ms)
✔ [6460/6488] Built Mathlib.MeasureTheory.Function.ConditionalExpectation.Unique:c.o (116ms)
✔ [6461/6488] Built Mathlib.MeasureTheory.Function.ConditionalExpectation.CondexpL1:c.o (107ms)
✔ [6463/6498] Built Mathlib.Analysis.SpecialFunctions.Gamma.Basic:c.o (867ms)
✔ [6464/6498] Built Mathlib.RingTheory.Derivation.Basic:c.o (558ms)
✔ [6465/6498] Built Mathlib.MeasureTheory.Function.LpSpace.ContinuousFunctions:c.o (166ms)
✔ [6466/6498] Built Mathlib.MeasureTheory.Function.StronglyMeasurable.Inner:c.o (242ms)
✔ [6467/6498] Built Mathlib.MeasureTheory.Function.ConditionalExpectation.Basic:c.o (181ms)
✔ [6468/6498] Built Mathlib.Probability.Independence.Integration:c.o (103ms)
✔ [6469/6498] Built Mathlib.MeasureTheory.Function.UniformIntegrable:c.o (134ms)
✔ [6470/6498] Built Mathlib.Probability.IdentDistrib:c.o (107ms)
✔ [6471/6498] Built Mathlib.Probability.Moments.Basic:c.o (97ms)
✔ [6472/6498] Built Mathlib.MeasureTheory.Order.Group.Lattice:c.o (114ms)
✔ [6473/6498] Built Mathlib.Probability.Moments.IntegrableExpMul:c.o (94ms)
✔ [6474/6498] Built Mathlib.Probability.Moments.ComplexMGF:c.o (106ms)
✔ [6475/6498] Built Mathlib.Analysis.SpecialFunctions.Complex.Analytic:c.o (106ms)
✔ [6476/6498] Built Mathlib.MeasureTheory.Function.L2Space:c.o (345ms)
✔ [6477/6498] Built Mathlib.MeasureTheory.Function.ConditionalExpectation.CondexpL2:c.o (266ms)
✔ [6478/6498] Built Mathlib.Probability.Moments.Covariance:c.o (274ms)
✔ [6479/6498] Built Mathlib.Probability.Moments.Variance:c.o (267ms)
✔ [6480/6498] Built Mathlib.Algebra.Polynomial.Module.Basic:c.o (179ms)
✔ [6481/6498] Built Mathlib.Analysis.Calculus.Taylor:c.o (105ms)
✔ [6482/6498] Built Mathlib.Probability.Moments.MGFAnalytic:c.o (90ms)
✔ [6483/6498] Built Mathlib.Probability.Distributions.Gaussian.Real:c.o (86ms)
✔ [6484/6498] Built Harsanyi.Extensions.Noise:c.o (113ms)
✔ [6485/6498] Built Harsanyi.Extensions.Sparsity:c.o (93ms)
✔ [6486/6498] Built Harsanyi:c.o (98ms)
✔ [6487/6498] Built Mathlib.MeasureTheory.Integral.Average:c.o (1.4s)
✔ [6488/6498] Built Mathlib.Algebra.Polynomial.Module.AEval:c.o (289ms)
✔ [6489/6498] Built Harsanyi.Extensions.DerivativeCutoff:c.o (141ms)
✔ [6490/6498] Built Mathlib.Analysis.SpecialFunctions.Trigonometric.Arctan:c.o (1.6s)
✔ [6491/6498] Built Mathlib.Probability.Notation:c.o (718ms)
✔ [6492/6498] Built Consumer (3.3s)
✔ [6495/6498] Built Mathlib.MeasureTheory.Covering.Besicovitch:c.o (2.3s)
✔ [6496/6498] Built Main (3.3s)
✔ [6497/6498] Built Main:c.o (330ms)
✔ [6498/6498] Built demo:exe (1.6s)
Build completed successfully (6498 jobs).
