⚠ [3087/3093] Replayed Harsanyi.Core.Basic
warning: Harsanyi/Core/Basic.lean:30:8: automatically included section variable(s) unused in theorem `Harsanyi.interaction_empty`:
  [DecidableEq α]
consider restructuring your `variable` declarations so that the variables are not in scope or explicitly omit them:
  omit [DecidableEq α] in theorem ...

Note: This linter can be disabled with `set_option linter.unusedSectionVars false`
warning: Harsanyi/Core/Basic.lean:33:8: automatically included section variable(s) unused in theorem `Harsanyi.reconstruct_empty`:
  [DecidableEq α]
consider restructuring your `variable` declarations so that the variables are not in scope or explicitly omit them:
  omit [DecidableEq α] in theorem ...

Note: This linter can be disabled with `set_option linter.unusedSectionVars false`
warning: Harsanyi/Core/Basic.lean:36:8: automatically included section variable(s) unused in theorem `Harsanyi.centered_empty`:
  [DecidableEq α]
consider restructuring your `variable` declarations so that the variables are not in scope or explicitly omit them:
  omit [DecidableEq α] in theorem ...

Note: This linter can be disabled with `set_option linter.unusedSectionVars false`
warning: Harsanyi/Core/Basic.lean:39:0: automatically included section variable(s) unused in theorem `Harsanyi.interaction_congr`:
  [DecidableEq α]
consider restructuring your `variable` declarations so that the variables are not in scope or explicitly omit them:
  omit [DecidableEq α] in theorem ...

Note: This linter can be disabled with `set_option linter.unusedSectionVars false`
⚠ [3089/3093] Replayed Harsanyi.Core.Properties
warning: Harsanyi/Core/Properties.lean:7:0: automatically included section variable(s) unused in theorem `Harsanyi.interaction_add`:
  [DecidableEq α]
consider restructuring your `variable` declarations so that the variables are not in scope or explicitly omit them:
  omit [DecidableEq α] in theorem ...

Note: This linter can be disabled with `set_option linter.unusedSectionVars false`
warning: Harsanyi/Core/Properties.lean:11:0: automatically included section variable(s) unused in theorem `Harsanyi.interaction_sub`:
  [DecidableEq α]
consider restructuring your `variable` declarations so that the variables are not in scope or explicitly omit them:
  omit [DecidableEq α] in theorem ...

Note: This linter can be disabled with `set_option linter.unusedSectionVars false`
warning: Harsanyi/Core/Properties.lean:15:0: automatically included section variable(s) unused in theorem `Harsanyi.interaction_smul`:
  [DecidableEq α]
consider restructuring your `variable` declarations so that the variables are not in scope or explicitly omit them:
  omit [DecidableEq α] in theorem ...

Note: This linter can be disabled with `set_option linter.unusedSectionVars false`
warning: Harsanyi/Core/Properties.lean:19:8: automatically included section variable(s) unused in theorem `Harsanyi.interaction_zero`:
  [DecidableEq α]
consider restructuring your `variable` declarations so that the variables are not in scope or explicitly omit them:
  omit [DecidableEq α] in theorem ...

Note: This linter can be disabled with `set_option linter.unusedSectionVars false`
warning: Harsanyi/Core/Properties.lean:75:0: automatically included section variable(s) unused in theorem `Harsanyi.interaction_relabel`:
  [DecidableEq α]
consider restructuring your `variable` declarations so that the variables are not in scope or explicitly omit them:
  omit [DecidableEq α] in theorem ...

Note: This linter can be disabled with `set_option linter.unusedSectionVars false`
⚠ [3090/3093] Replayed Harsanyi.Core.Shapley
warning: Harsanyi/Core/Shapley.lean:63:30: This simp argument is unused:
  empty_mem_powerset

Hint: Omit it from the simp argument list.
  simp [Finset.sum_ite_eq',̵ ̵e̵m̵p̵t̵y̵_̵m̵e̵m̵_̵p̵o̵w̵e̵r̵s̵e̵t̵]

Note: This linter can be disabled with `set_option linter.unusedSimpArgs false`
✔ [3093/3093] Built Harsanyi.Extensions.DerivativeCutoff (7.3s)
Build completed successfully (3093 jobs).
